Program Start
--EqualityExpression >=
----Identifier  x
----Identifier  y
