Program Start
--ExpressionSequence
----InstanceofExpression will not be implemented
------Identifier x
------Identifier y
