Program Start
  ExpressionSequence
    Arguments '.' 
      Identifier universe
      ReservedWord null
