Program Start
  ExpressionSequence
    Arguments '.' 
      Identifier universe
      ReservedWord
        Keyword if
