Program Start
--Arguments '.' 
----Arguments '.' 
------Arguments '.' 
--------Identifier  earth
--------Identifier  asia
------Identifier  Indonesia
----Identifier  prepareForElection
--Arguments (
----Literal
------NumericLiteral 2014
--)
