Program Start
--BitXOrExpression ^
----BitXOrExpression ^
------Identifier  x
------Identifier  y
----Identifier  z
