Program Start
--BitOrExpression |
----Identifier  x
----BitAndExpression &
------Identifier  y
------Identifier  z
