Program Start
--MultiplicativeExpression *
----MultiplicativeExpression *
------Identifier  x
------Identifier  y
----Identifier  z
