Program Start
  ExpressionSequence
    AdditiveExpression +
      Identifier bar
