Program Start
--PostIncrementExpression ++
----Identifier  arguments
