Program Start
--PostDecreaseExpression --
----Identifier  eval
