Program Start
  ExpressionSequence
    Identifier eval
