Program Start
  ExpressionSequence
    AssignmentExpression =
      Identifier arguments
      NumericLiteral 42
