Program Start
--AssignmentExpression =
----Identifier  eval
----Literal
------NumericLiteral 42
