Program Start
  ExpressionSequence
? and : will not be implemented
