Program Start
--AssignmentExpression =
----Identifier  x
? and : will not be implemented
