Program Start
--ExpressionSequence
----BitNotExpression ~
------Identifier x
