Program Start
--PreIncrementExpression ++
----Identifier  x
