Program Start
--ExpressionSequence
----NotExpression !
------Identifier x
