Program Start
--ExpressionSequence
----UnaryMinusExpression -
------Identifier x
