Program Start
  ExpressionSequence
    Literal
      NumericLiteral 42
