Program Start
  ExpressionSequence
    Literal
      NumericLiteral 0e+100
