Program Start
--ExpressionSequence
----Literal "use strict"
--IfStatement if (
----ExpressionSequence
------Literal true
----visitFunctionDecl function
------Identifier  f
------FunctionBody {
------}
--else
----{
----}
--)
