Program Start
--WhileStatement while (
----Literal true
----{
------IfStatement if (
--------Identifier  x
--------BreakStatement break
------else
--------Identifier  y
------)
----}
--)
