Program Start
--Identifier  done
--WithStatement while (
----ExpressionSequence
------Literal true
----{
------ContinueStatement continue
--------Identifier  done
----}
--)
