Program Start
--ExpressionSequence
----ParenthesizedExpression (
------ExpressionSequence
--------visitAnoymousFunctionDecl function (
----------FunctionBody {
------------Statement return
----------}
--------)
----)
