Program Start
--Identifier  __proto__
--ExpressionSequence
----Identifier  test
