Program Start
--IfStatement if (
----ExpressionSequence
------Identifier  morning
----ExpressionSequence
------Identifier  goodMorning
------Arguments (
------)
--)
