Program Start
--BitLogicalOrExpression ||
----Identifier  x
----Identifier  y
