Program Start
  ExpressionSequence
    BitShiftExpression <<
      Identifier x
      Identifier y
