Program Start
--ExpressionSequence
----AssignmentExpression =
------Identifier x
------ObjectLiteral {
--------PropertyExpressionAssignment
----------PropertyName
------------Identifier x
----------Literal
------------NumericLiteral 1
--------PropertyExpressionAssignment
----------PropertyName
------------Identifier x
----------Literal
------------NumericLiteral 2
------}
