Program Start
--AssignmentExpression =
----Identifier  x
----ObjectLiteral {
------Getter
--------Identifier  get
--------PropertyName
----------Identifier  undef
------FunctionBody {
------}
----}
