Program Start
--AssignmentExpression =
----Identifier  x
----ObjectLiteral {
------PropertyExpressionAssignment
--------PropertyName
----------Identifier  __proto__
--------Literal
----------NumericLiteral 2
----}
