Program Start
--AssignmentExpression =
----Identifier  x
----ObjectLiteral {
------PropertyExpressionAssignment
--------PropertyName
----------ReservedWord false
--------Literal
----------NumericLiteral 42
----}
