Program Start
--ParenthesizedExpression (
----ObjectLiteral {
------PropertyExpressionAssignment
--------PropertyName
--------[
----------Literal "__proto__"
--------]
--------Literal
----------NumericLiteral 0
------PropertyExpressionAssignment
--------PropertyName
--------[
----------Literal "__proto__"
--------]
--------Literal
----------NumericLiteral 0
----}
--)
