Program Start
--ExpressionSequence
----AssignmentExpression =
------Identifier x
------ObjectLiteral {
------}
