Program Start
--ExpressionSequence
----AssignmentExpression =
------Identifier x
------ObjectLiteral {
--------PropertyExpressionAssignment
----------PropertyName
------------Identifier get
----------Literal
------------NumericLiteral 42
------}
