Program Start
--AssignmentExpression =
----Identifier  x
----ObjectLiteral {
------Getter
--------Identifier  get
--------PropertyName
----------Identifier  width
------FunctionBody {
--------Statement return
----------Identifier  m_width
------}
------PropertySetter (
--------Setter
----------Identifier  set
----------PropertyName
------------Identifier  width
--------FormalParameterArg ( 
----------Identifier  width
--------)
--------FunctionBody {
----------AssignmentExpression =
------------Identifier  m_width
------------Identifier  width
--------}
------)
----}
