Program Start
--ExpressionSequence
----AssignmentExpression =
------Identifier x
------ObjectLiteral {
--------PropertyExpressionAssignment
----------PropertyName
------------ReservedWord null
----------Literal
------------NumericLiteral 42
------}
