Program Start
--MultiplicativeExpression /
----ThisExpression this
----Literal
------NumericLiteral 100
