Program Start
--VariableDeclarationList
----var
----Identifier  source
----Literal 'F = []'
