Program Start
  ExpressionSequence
    AssignmentExpression =
      Identifier 日本語
      ElementList
        null
