Program Start
  ExpressionSequence
    AssignmentExpression =
      Identifier x
      ElementList
        Literal
          NumericLiteral 1
        Literal
          NumericLiteral 2
        Literal
          NumericLiteral 3
