Program Start
  ExpressionSequence
    AssignmentExpression =
      Identifier x
      ElementList
        Literal
          NumericLiteral 42
